🚀 Starting BioXtenshi Local Environment...
✅ Local MongoDB running at: mongodb://127.0.0.1:45565/
📂 Data stored in: /home/mahmah/Téléchargements/bioxtenshi-main (copier 1)/data/db
🌱 Seeding database...
[dotenv@17.2.3] injecting env (4) from .env -- tip: ⚙️  load multiple .env files with { path: ['.env.local', '.env'] }
✅ Connected to MongoDB
📊 Detected Feriel S1.xlsx, starting import for feriel...
✅ Automated: Cycle updated for feriel. Week 1 has 53 doctors.

✅ Official Seeding/Update Complete!
💊 Seeding Stock...
[dotenv@17.2.3] injecting env (4) from .env -- tip: ⚙️  load multiple .env files with { path: ['.env.local', '.env'] }
MongoDB Connected
Starting to seed 28 products...
Skipping CELEBREX 200 MG CAP X 10 TUN (already exists with this batch)
Skipping CELEBREX 200 MG CAP X 20 TUN (already exists with this batch)
Skipping CELEBREX 200MG BT 30 TUN (already exists with this batch)
Skipping TAHOR 10 MG X 91 TUN (already exists with this batch)
Skipping TAHOR 10 MG X 28 TUN (already exists with this batch)
Skipping TAHOR 20 MG X 91 TUN (already exists with this batch)
Skipping TAHOR 20MG X 28 (already exists with this batch)
Skipping TAHOR 40MG X 28 TUN (already exists with this batch)
Skipping TAHOR 40MG BT 91 TUN (already exists with this batch)
Skipping ZOLOFT 50 B30 (already exists with this batch)
Skipping ZOLOFT CP 50 MG X 15 TUN (already exists with this batch)
Skipping LYRICA CAP 150MG 56BL TN PZR (already exists with this batch)
Skipping LYRICA CAP 75MG 14BL TN PZR (already exists with this batch)
Skipping LYRICA CAP 75MG 56BL TN PZR (already exists with this batch)
Skipping EFFEXOR LP 37.5mg CAP 3x10 BLS TN/MA (already exists with this batch)
Skipping XALACOM ED 50MCG/5MG/ML 2.5ML 1BT TN PZR (already exists with this batch)
Skipping XALATAN ED 50MCG/ML 1X2.5MLBT TN PZR (already exists with this batch)
Skipping VIAGRA TAB 100MG 4BL TN PZR (already exists with this batch)
Skipping VIAGRA TAB 25MG 4BL TN PZR (already exists with this batch)
Skipping VIAGRA TAB 50MG 4BL TN PZR (already exists with this batch)
Skipping FLECAINE 100mg (already exists with this batch)
Skipping FLECAINE LP 200mg (already exists with this batch)
Skipping FLECAINE LP 50mg (already exists with this batch)
Skipping FLECAINE LP 100mg (already exists with this batch)
Skipping SOTALOL (already exists with this batch)
Skipping VALPROATE Officine (already exists with this batch)
Skipping Detrusitol Retard 2MG (already exists with this batch)
Skipping Detrusitol Retard 4MG (already exists with this batch)
Stock seeding completed successfully.
✅ Seeding finished.
🔌 Starting Backend Server...
📡 Backend process spawned with PID: 65437
🎨 Starting Frontend (Vite)...
🌐 Frontend process spawned with PID: 65438

✅ App ready!
   Frontend → http://localhost:5173
   Backend  → http://localhost:5000

[dotenv@17.2.3] injecting env (4) from .env -- tip: 📡 add observability to secrets: https://dotenvx.com/ops
[dotenv@17.2.3] injecting env (0) from .env -- tip: 🔐 encrypt with Dotenvx: https://dotenvx.com
🚀 Expiry Job Scheduled (Daily at Midnight)
Server is running on port 5000
Connected to MongoDB

  VITE v7.2.7  ready in 884 ms

  ➜  Local:   http://localhost:5173/
  ➜  Network: http://192.168.1.170:5173/
19:40:57 [vite] (client) Pre-transform error: /home/mahmah/Téléchargements/bioxtenshi-main (copier 1)/src/components/StockPCTView.jsx: Unexpected token, expected "}" (225:22)

  223 |                             </tbody>
  224 |                         </table>
> 225 |                     ) : activeSheet === 'prices_pct' ? (
      |                       ^
  226 |                         <div className="p-4 bg-white">
  227 |                             <PctPricesTab />
  228 |                         </div>
  Plugin: vite:react-babel
  File: /home/mahmah/Téléchargements/bioxtenshi-main (copier 1)/src/components/StockPCTView.jsx:225:22
  223 |                              </tbody>
  224 |                          </table>
  225 |                      ) : activeSheet === 'prices_pct' ? (
      |                        ^
  226 |                          <div className="p-4 bg-white">
  227 |                              <PctPricesTab />
19:41:00 [vite] Internal server error: /home/mahmah/Téléchargements/bioxtenshi-main (copier 1)/src/components/StockPCTView.jsx: Unexpected token, expected "}" (225:22)

  223 |                             </tbody>
  224 |                         </table>
> 225 |                     ) : activeSheet === 'prices_pct' ? (
      |                       ^
  226 |                         <div className="p-4 bg-white">
  227 |                             <PctPricesTab />
  228 |                         </div>
  Plugin: vite:react-babel
  File: /home/mahmah/Téléchargements/bioxtenshi-main (copier 1)/src/components/StockPCTView.jsx:225:22
  223 |                              </tbody>
  224 |                          </table>
  225 |                      ) : activeSheet === 'prices_pct' ? (
      |                        ^
  226 |                          <div className="p-4 bg-white">
  227 |                              <PctPricesTab />
      at constructor (/home/mahmah/Téléchargements/bioxtenshi-main (copier 1)/node_modules/@babel/parser/lib/index.js:367:19)
      at JSXParserMixin.raise (/home/mahmah/Téléchargements/bioxtenshi-main (copier 1)/node_modules/@babel/parser/lib/index.js:6624:19)
      at JSXParserMixin.unexpected (/home/mahmah/Téléchargements/bioxtenshi-main (copier 1)/node_modules/@babel/parser/lib/index.js:6644:16)
      at JSXParserMixin.expect (/home/mahmah/Téléchargements/bioxtenshi-main (copier 1)/node_modules/@babel/parser/lib/index.js:6924:12)
      at JSXParserMixin.jsxParseExpressionContainer (/home/mahmah/Téléchargements/bioxtenshi-main (copier 1)/node_modules/@babel/parser/lib/index.js:4666:10)
      at JSXParserMixin.jsxParseElementAt (/home/mahmah/Téléchargements/bioxtenshi-main (copier 1)/node_modules/@babel/parser/lib/index.js:4740:36)
      at JSXParserMixin.jsxParseElementAt (/home/mahmah/Téléchargements/bioxtenshi-main (copier 1)/node_modules/@babel/parser/lib/index.js:4727:32)
      at JSXParserMixin.jsxParseElementAt (/home/mahmah/Téléchargements/bioxtenshi-main (copier 1)/node_modules/@babel/parser/lib/index.js:4727:32)
      at JSXParserMixin.jsxParseElement (/home/mahmah/Téléchargements/bioxtenshi-main (copier 1)/node_modules/@babel/parser/lib/index.js:4778:17)
      at JSXParserMixin.parseExprAtom (/home/mahmah/Téléchargements/bioxtenshi-main (copier 1)/node_modules/@babel/parser/lib/index.js:4788:19)
      at JSXParserMixin.parseExprSubscripts (/home/mahmah/Téléchargements/bioxtenshi-main (copier 1)/node_modules/@babel/parser/lib/index.js:11145:23)
      at JSXParserMixin.parseUpdate (/home/mahmah/Téléchargements/bioxtenshi-main (copier 1)/node_modules/@babel/parser/lib/index.js:11130:21)
      at JSXParserMixin.parseMaybeUnary (/home/mahmah/Téléchargements/bioxtenshi-main (copier 1)/node_modules/@babel/parser/lib/index.js:11110:23)
      at JSXParserMixin.parseMaybeUnaryOrPrivate (/home/mahmah/Téléchargements/bioxtenshi-main (copier 1)/node_modules/@babel/parser/lib/index.js:10963:61)
      at JSXParserMixin.parseExprOps (/home/mahmah/Téléchargements/bioxtenshi-main (copier 1)/node_modules/@babel/parser/lib/index.js:10968:23)
      at JSXParserMixin.parseMaybeConditional (/home/mahmah/Téléchargements/bioxtenshi-main (copier 1)/node_modules/@babel/parser/lib/index.js:10945:23)
      at JSXParserMixin.parseMaybeAssign (/home/mahmah/Téléchargements/bioxtenshi-main (copier 1)/node_modules/@babel/parser/lib/index.js:10895:21)
      at /home/mahmah/Téléchargements/bioxtenshi-main (copier 1)/node_modules/@babel/parser/lib/index.js:10864:39
      at JSXParserMixin.allowInAnd (/home/mahmah/Téléchargements/bioxtenshi-main (copier 1)/node_modules/@babel/parser/lib/index.js:12500:12)
      at JSXParserMixin.parseMaybeAssignAllowIn (/home/mahmah/Téléchargements/bioxtenshi-main (copier 1)/node_modules/@babel/parser/lib/index.js:10864:17)
      at JSXParserMixin.parseMaybeAssignAllowInOrVoidPattern (/home/mahmah/Téléchargements/bioxtenshi-main (copier 1)/node_modules/@babel/parser/lib/index.js:12567:17)
      at JSXParserMixin.parseParenAndDistinguishExpression (/home/mahmah/Téléchargements/bioxtenshi-main (copier 1)/node_modules/@babel/parser/lib/index.js:11747:28)
      at JSXParserMixin.parseExprAtom (/home/mahmah/Téléchargements/bioxtenshi-main (copier 1)/node_modules/@babel/parser/lib/index.js:11395:23)
      at JSXParserMixin.parseExprAtom (/home/mahmah/Téléchargements/bioxtenshi-main (copier 1)/node_modules/@babel/parser/lib/index.js:4793:20)
      at JSXParserMixin.parseExprSubscripts (/home/mahmah/Téléchargements/bioxtenshi-main (copier 1)/node_modules/@babel/parser/lib/index.js:11145:23)
      at JSXParserMixin.parseUpdate (/home/mahmah/Téléchargements/bioxtenshi-main (copier 1)/node_modules/@babel/parser/lib/index.js:11130:21)
      at JSXParserMixin.parseMaybeUnary (/home/mahmah/Téléchargements/bioxtenshi-main (copier 1)/node_modules/@babel/parser/lib/index.js:11110:23)
      at JSXParserMixin.parseMaybeUnaryOrPrivate (/home/mahmah/Téléchargements/bioxtenshi-main (copier 1)/node_modules/@babel/parser/lib/index.js:10963:61)
      at JSXParserMixin.parseExprOps (/home/mahmah/Téléchargements/bioxtenshi-main (copier 1)/node_modules/@babel/parser/lib/index.js:10968:23)
      at JSXParserMixin.parseMaybeConditional (/home/mahmah/Téléchargements/bioxtenshi-main (copier 1)/node_modules/@babel/parser/lib/index.js:10945:23)
      at JSXParserMixin.parseMaybeAssign (/home/mahmah/Téléchargements/bioxtenshi-main (copier 1)/node_modules/@babel/parser/lib/index.js:10895:21)
      at JSXParserMixin.parseExpressionBase (/home/mahmah/Téléchargements/bioxtenshi-main (copier 1)/node_modules/@babel/parser/lib/index.js:10848:23)
      at /home/mahmah/Téléchargements/bioxtenshi-main (copier 1)/node_modules/@babel/parser/lib/index.js:10844:39
      at JSXParserMixin.allowInAnd (/home/mahmah/Téléchargements/bioxtenshi-main (copier 1)/node_modules/@babel/parser/lib/index.js:12495:16)
      at JSXParserMixin.parseExpression (/home/mahmah/Téléchargements/bioxtenshi-main (copier 1)/node_modules/@babel/parser/lib/index.js:10844:17)
      at JSXParserMixin.parseReturnStatement (/home/mahmah/Téléchargements/bioxtenshi-main (copier 1)/node_modules/@babel/parser/lib/index.js:13218:28)
      at JSXParserMixin.parseStatementContent (/home/mahmah/Téléchargements/bioxtenshi-main (copier 1)/node_modules/@babel/parser/lib/index.js:12874:21)
      at JSXParserMixin.parseStatementLike (/home/mahmah/Téléchargements/bioxtenshi-main (copier 1)/node_modules/@babel/parser/lib/index.js:12843:17)
      at JSXParserMixin.parseStatementListItem (/home/mahmah/Téléchargements/bioxtenshi-main (copier 1)/node_modules/@babel/parser/lib/index.js:12823:17)
      at JSXParserMixin.parseBlockOrModuleBlockBody (/home/mahmah/Téléchargements/bioxtenshi-main (copier 1)/node_modules/@babel/parser/lib/index.js:13392:61)
      at JSXParserMixin.parseBlockBody (/home/mahmah/Téléchargements/bioxtenshi-main (copier 1)/node_modules/@babel/parser/lib/index.js:13385:10)
      at JSXParserMixin.parseBlock (/home/mahmah/Téléchargements/bioxtenshi-main (copier 1)/node_modules/@babel/parser/lib/index.js:13373:10)
      at JSXParserMixin.parseFunctionBody (/home/mahmah/Téléchargements/bioxtenshi-main (copier 1)/node_modules/@babel/parser/lib/index.js:12174:24)
      at JSXParserMixin.parseFunctionBodyAndFinish (/home/mahmah/Téléchargements/bioxtenshi-main (copier 1)/node_modules/@babel/parser/lib/index.js:12160:10)
      at /home/mahmah/Téléchargements/bioxtenshi-main (copier 1)/node_modules/@babel/parser/lib/index.js:13521:12
      at JSXParserMixin.withSmartMixTopicForbiddingContext (/home/mahmah/Téléchargements/bioxtenshi-main (copier 1)/node_modules/@babel/parser/lib/index.js:12477:14)
      at JSXParserMixin.parseFunction (/home/mahmah/Téléchargements/bioxtenshi-main (copier 1)/node_modules/@babel/parser/lib/index.js:13520:10)
      at JSXParserMixin.parseExportDefaultExpression (/home/mahmah/Téléchargements/bioxtenshi-main (copier 1)/node_modules/@babel/parser/lib/index.js:13983:19)
      at JSXParserMixin.parseExport (/home/mahmah/Téléchargements/bioxtenshi-main (copier 1)/node_modules/@babel/parser/lib/index.js:13904:25)
      at JSXParserMixin.parseStatementContent (/home/mahmah/Téléchargements/bioxtenshi-main (copier 1)/node_modules/@babel/parser/lib/index.js:12954:27)
Vim : Alerte : La sortie ne s'effectue pas sur un terminal
Vim : Alerte : L'entrée ne se fait pas sur un terminal
[?1006;1000h[?1002h[?1049h[22;0;0t[>4;2m[?1h=[?2004h[?1004h[1;24r[?12h[?12l[22;2t[22;1t[27m[23m[29m[m[H[2J[?1006;1000l[?1002l[?2004l[>4;m[?2004h[>4;2m[?1006;1000h[?1002h[?25l[24;1H<-main (copier 1)/src/components/StockPCTView.jsx"[?1006;1000l[?1002l[?2004l[>4;m[?2004h[>4;2m[?1006;1000h[?1002h[?1006;1000l[?1002l[?2004l[>4;m[?2004h[>4;2m[?1006;1000h[?1002h<r 1)/src/components/StockPCTView.jsx" 238L, 13473B[?1006;1000l[?1002l[?2004l[>4;m[?2004h[>4;2m[?1006;1000h[?1002h[?1006;1000l[?1002l[?2004l[>4;m[?2004h[>4;2m[?1006;1000h[?1002h[?1006;1000l[?1002l[?2004l[>4;m[?2004h[>4;2m[?1006;1000h[?1002h[?1006;1000l[?1002l[?2004l[>4;m[?2004h[>4;2m[?1006;1000h[?1002h[?1006;1000l[?1002l[?2004l[>4;m[?2004h[>4;2m[?1006;1000h[?1002h[?1006;1000l[?1002l[?2004l[>4;m[?2004h[>4;2m[?1006;1000h[?1002h[?1006;1000l[?1002l[?2004l[>4;m[?2004h[>4;2m[?1006;1000h[?1002h[?1006;1000l[?1002l[?2004l[>4;m[?2004h[>4;2m[?1006;1000h[?1002h[?1006;1000l[?1002l[?2004l[>4;m[?2004h[>4;2m[?1006;1000h[?1002h[?1006;1000l[?1002l[?2004l[>4;m[?2004h[>4;2m[?1006;1000h[?1002h[?1006;1000l[?1002l[?2004l[>4;m[?2004h[>4;2m[?1006;1000h[?1002h[?1006;1000l[?1002l[?2004l[>4;m[?2004h[>4;2m[?1006;1000h[?1002h[?1006;1000l[?1002l[?2004l[>4;m[?2004h[>4;2m[?1006;1000h[?1002h[?1006;1000l[?1002l[?2004l[>4;m[?2004h[>4;2m[?1006;1000h[?1002h[?1006;1000l[?1002l[?2004l[>4;m[?2004h[>4;2m[?1006;1000h[?1002h[?1006;1000l[?1002l[?2004l[>4;m[?2004h[>4;2m[?1006;1000h[?1002h[?1006;1000l[?1002l[?2004l[>4;m[?2004h[>4;2m[?1006;1000h[?1002h[?1006;1000l[?1002l[?2004l[>4;m[?2004h[>4;2m[?1006;1000h[?1002h[?1006;1000l[?1002l[?2004l[>4;m[?2004h[>4;2m[?1006;1000h[?1002h[?1006;1000l[?1002l[?2004l[>4;m[?2004h[>4;2m[?1006;1000h[?1002h[?1006;1000l[?1002l[?2004l[>4;m[?2004h[>4;2m[?1006;1000h[?1002h[?1006;1000l[?1002l[?2004l[>4;m[?2004h[>4;2m[?1006;1000h[?1002h[?1006;1000l[?1002l[?2004l[>4;m[?2004h[>4;2m[?1006;1000h[?1002h[?1006;1000l[?1002l[?2004l[>4;m[?2004h[>4;2m[?1006;1000h[?1002h[1;1H[38;5;130mimport[m React, [36m{[m useState, useEffect [36m}[m [38;5;130mfrom[m [31m'react'[m;[?1006;1000l[?1002l[?2004l[>4;m[?2004h[>4;2m[?1006;1000h[?1002h
[38;5;130mimport[m pctSalesDataRaw [38;5;130mfrom[m [31m'../data/pct_sales_data.json'[m;
[38;5;130mimport[m PctPricesTab [38;5;130mfrom[m [31m'./PctPricesTab'[m;[?1006;1000l[?1002l[?2004l[>4;m[?2004h[>4;2m[?1006;1000h[?1002h
[38;5;130mimport[m SalesTab [38;5;130mfrom[m [31m'./SalesTab'[m;

[38;5;130mexport[m [38;5;130mdefault[m [38;5;130mfunction[m StockPCTView() [36m{[?1006;1000l[?1002l[?2004l[>4;m[?2004h[>4;2m[?1006;1000h[?1002h[?1006;1000l[?1002l[?2004l[>4;m[?2004h[>4;2m[?1006;1000h[?1002h[m
    [38;5;130mconst[m [36m[[mstockData, setStockData[36m][m = useState([36m{[m chambi: [36m[][m, imported: [36m[][m [36m}[m);[?1006;1000l[?1002l[?2004l[>4;m[?2004h[>4;2m[?1006;1000h[?1002h
    [38;5;130mconst[m [36m[[misLoading, setIsLoading[36m][m = useState([31mtrue[m);[?1006;1000l[?1002l[?2004l[>4;m[?2004h[>4;2m[?1006;1000h[?1002h
    [38;5;130mconst[m [36m[[merror, setError[36m][m = useState([38;5;130mnull[m);[?1006;1000l[?1002l[?2004l[>4;m[?2004h[>4;2m[?1006;1000h[?1002h
    [38;5;130mconst[m [36m[[mactiveSheet, setActiveSheet[36m][m = useState([31m'chambi'[m);[?1006;1000l[?1002l[?2004l[>4;m[?2004h[>4;2m[?1006;1000h[?1002h
    [38;5;130mconst[m [36m[[msearchTerm, setSearchTerm[36m][m = useState([31m''[m);[13;5HuseEffect(() => [36m{[?1006;1000l[?1002l[?2004l[>4;m[?2004h[>4;2m[?1006;1000h[?1002h[m[14;9H[38;5;130mconst[m fetchStockPCT = [38;5;130masync[m () => [36m{[m[15;13H[38;5;130mtry[m [36m{[?1006;1000l[?1002l[?2004l[>4;m[?2004h[>4;2m[?1006;1000h[?1002h[m[16;17H[38;5;130mconst[m token = localStorage.getItem([31m'token'[m);[?1006;1000l[?1002l[?2004l[>4;m[?2004h[>4;2m[?1006;1000h[?1002h[17;17H[38;5;130mconst[m res = [38;5;130mawait[m fetch([31m'/api/stock-pct'[m, [36m{[?1006;1000l[?1002l[?2004l[>4;m[?2004h[>4;2m[?1006;1000h[?1002h[m[18;21Hheaders: [36m{[m [31m'x-auth-token'[m: token [36m}[?1006;1000l[?1002l[?2004l[>4;m[?2004h[>4;2m[?1006;1000h[?1002h[19;17H}[m);[20;17H[38;5;130mif[m (res.ok) [36m{[?1006;1000l[?1002l[?2004l[>4;m[?2004h[>4;2m[?1006;1000h[?1002h[m[21;21H[38;5;130mconst[m data = [38;5;130mawait[m res.json();[?1006;1000l[?1002l[?2004l[>4;m[?2004h[>4;2m[?1006;1000h[?1002h[22;21HsetStockData(data);[23;17H[36m}[m [38;5;130melse[m [36m{[m[24;63H1,1[10CHaut[1;1H[?25h[?4m[?1006;1000l[?1002l[?2004l[>4;m[?2004h[>4;2m[?1006;1000h[?1002h[?1006;1000l[?1002l[?2004l[>4;m[?2004h[>4;2m[?1006;1000h[?1002h[?1006;1000l[?1002l[?2004l[>4;m[?2004h[>4;2m[?1006;1000h[?1002h[?1006;1000l[?1002l[?2004l[>4;m[?2004h[>4;2m[?1006;1000h[?1002h[?1006;1000l[?1002l[?2004l[>4;m[?2004h[>4;2m[?1006;1000h[?1002h[?1006;1000l[?1002l[?2004l[>4;m[?2004h[>4;2m[?1006;1000h[?1002h[?1006;1000l[?1002l[?2004l[>4;m[?2004h[>4;2m[?1006;1000h[?1002h[?1006;1000l[?1002l[?2004l[>4;m[?2004h[>4;2m[?1006;1000h[?1002h[?1006;1000l[?1002l[?2004l[>4;m[?2004h[>4;2m[?1006;1000h[?1002h[?1006;1000l[?1002l[?2004l[>4;m[?2004h[>4;2m[?1006;1000h[?1002h[?1006;1000l[?1002l[?2004l[>4;m[?2004h[>4;2m[?1006;1000h[?1002h[?1006;1000l[?1002l[?2004l[>4;m[?2004h[>4;2m[?1006;1000h[?1002h[?1006;1000l[?1002l[?2004l[>4;m[?2004h[>4;2m[?1006;1000h[?1002h[?1006;1000l[?1002l[?2004l[>4;m[?2004h[>4;2m[?1006;1000h[?1002h[?1006;1000l[?1002l[?2004l[>4;m[?2004h[>4;2m[?1006;1000h[?1002h[?1006;1000l[?1002l[?2004l[>4;m[?2004h[>4;2m[?1006;1000h[?1002h[?1006;1000l[?1002l[?2004l[>4;m[?2004h[>4;2m[?1006;1000h[?1002h[?1006;1000l[?1002l[?2004l[>4;m[?2004h[>4;2m[?1006;1000h[?1002h[?1006;1000l[?1002l[?2004l[>4;m[?2004h[>4;2m[?1006;1000h[?1002h[?1006;1000l[?1002l[?2004l[>4;m[?2004h[>4;2m[?1006;1000h[?1002h[?1006;1000l[?1002l[?2004l[>4;m[?2004h[>4;2m[?1006;1000h[?1002h[?1006;1000l[?1002l[?2004l[>4;m[?2004h[>4;2m[?1006;1000h[?1002h[?1006;1000l[?1002l[?2004l[>4;m[?2004h[>4;2m[?1006;1000h[?1002h[?1006;1000l[?1002l[?2004l[>4;m[?2004h[>4;2m[?1006;1000h[?1002h[?1006;1000l[?1002l[?2004l[>4;m[?2004h[>4;2m[?1006;1000h[?1002h[?1006;1000l[?1002l[?2004l[>4;m[?2004h[>4;2m[?1006;1000h[?1002h[?1006;1000l[?1002l[?2004l[>4;m[?2004h[>4;2m[?1006;1000h[?1002h[?1006;1000l[?1002l[?2004l[>4;m[?2004h[>4;2m[?1006;1000h[?1002h[?1006;1000l[?1002l[?2004l[>4;m[?2004h[>4;2m[?1006;1000h[?1002h[?1006;1000l[?1002l[?2004l[>4;m[?2004h[>4;2m[?1006;1000h[?1002h[?1006;1000l[?1002l[?2004l[>4;m[?2004h[>4;2m[?1006;1000h[?1002h[?1006;1000l[?1002l[?2004l[>4;m[?2004h[>4;2m[?1006;1000h[?1002h[?1006;1000l[?1002l[?2004l[>4;m[?2004h[>4;2m[?1006;1000h[?1002h[?1006;1000l[?1002l[?2004l[>4;m[?2004h[>4;2m[?1006;1000h[?1002h[?1006;1000l[?1002l[?2004l[>4;m[?2004h[>4;2m[?1006;1000h[?1002h[?1006;1000l[?1002l[?2004l[>4;m[?2004h[>4;2m[?1006;1000h[?1002h[?1006;1000l[?1002l[?2004l[>4;m[?2004h[>4;2m[?1006;1000h[?1002h[?1006;1000l[?1002l[?2004l[>4;m[?2004h[>4;2m[?1006;1000h[?1002h[?1006;1000l[?1002l[?2004l[>4;m[?2004h[>4;2m[?1006;1000h[?1002h[?1006;1000l[?1002l[?2004l[>4;m[?2004h[>4;2m[?1006;1000h[?1002h[?1006;1000l[?1002l[?2004l[>4;m[?2004h[>4;2m[?1006;1000h[?1002h[?1006;1000l[?1002l[?2004l[>4;m[?2004h[>4;2m[?1006;1000h[?1002h[?1006;1000l[?1002l[?2004l[>4;m[?2004h[>4;2m[?1006;1000h[?1002h[?1006;1000l[?1002l[?2004l[>4;m[?2004h[>4;2m[?1006;1000h[?1002h[?1006;1000l[?1002l[?2004l[>4;m[?2004h[>4;2m[?1006;1000h[?1002h[?1006;1000l[?1002l[?2004l[>4;m[?2004h[>4;2m[?1006;1000h[?1002h[?1006;1000l[?1002l[?2004l[>4;m[?2004h[>4;2m[?1006;1000h[?1002h[?1006;1000l[?1002l[?2004l[>4;m[?2004h[>4;2m[?1006;1000h[?1002h[?1006;1000l[?1002l[?2004l[>4;m[?2004h[>4;2m[?1006;1000h[?1002h[?1006;1000l[?1002l[?2004l[>4;m[?2004h[>4;2m[?1006;1000h[?1002h[?1006;1000l[?1002l[?2004l[>4;m[?2004h[>4;2m[?1006;1000h[?1002h[?1006;1000l[?1002l[?2004l[>4;m[?2004h[>4;2m[?1006;1000h[?1002h[?1006;1000l[?1002l[?2004l[>4;m[?2004h[>4;2m[?1006;1000h[?1002h[?1006;1000l[?1002l[?2004l[>4;m[?2004h[>4;2m[?1006;1000h[?1002h[?1006;1000l[?1002l[?2004l[>4;m[?2004h[>4;2m[?1006;1000h[?1002h[?1006;1000l[?1002l[?2004l[>4;m[?2004h[>4;2m[?1006;1000h[?1002h[?1006;1000l[?1002l[?2004l[>4;m[?2004h[>4;2m[?1006;1000h[?1002h[?1006;1000l[?1002l[?2004l[>4;m[?2004h[>4;2m[?1006;1000h[?1002h[?1006;1000l[?1002l[?2004l[>4;m[?2004h[>4;2m[?1006;1000h[?1002h[?1006;1000l[?1002l[?2004l[>4;m[?2004h[>4;2m[?1006;1000h[?1002h[?1006;1000l[?1002l[?2004l[>4;m[?2004h[>4;2m[?1006;1000h[?1002h[?1006;1000l[?1002l[?2004l[>4;m[?2004h[>4;2m[?1006;1000h[?1002h[?1006;1000l[?1002l[?2004l[>4;m[?2004h[>4;2m[?1006;1000h[?1002h[?1006;1000l[?1002l[?2004l[>4;m[?2004h[>4;2m[?1006;1000h[?1002h[?1006;1000l[?1002l[?2004l[>4;m[?2004h[>4;2m[?1006;1000h[?1002h[?1006;1000l[?1002l[?2004l[>4;m[?2004h[>4;2m[?1006;1000h[?1002h[?1006;1000l[?1002l[?2004l[>4;m[?2004h[>4;2m[?1006;1000h[?1002h[?1006;1000l[?1002l[?2004l[>4;m[?2004h[>4;2m[?1006;1000h[?1002h[?1006;1000l[?1002l[?2004l[>4;m[?2004h[>4;2m[?1006;1000h[?1002h[?1006;1000l[?1002l[?2004l[>4;m[?2004h[>4;2m[?1006;1000h[?1002h[?1006;1000l[?1002l[?2004l[>4;m[?2004h[>4;2m[?1006;1000h[?1002h[?1006;1000l[?1002l[?2004l[>4;m[?2004h[>4;2m[?1006;1000h[?1002h[?1006;1000l[?1002l[?2004l[>4;m[?2004h[>4;2m[?1006;1000h[?1002h[?1006;1000l[?1002l[?2004l[>4;m[?2004h[>4;2m[?1006;1000h[?1002h[?1006;1000l[?1002l[?2004l[>4;m[?2004h[>4;2m[?1006;1000h[?1002h[?1006;1000l[?1002l[?2004l[>4;m[?2004h[>4;2m[?1006;1000h[?1002h[?1006;1000l[?1002l[?2004l[>4;m[?2004h[>4;2m[?1006;1000h[?1002h[?1006;1000l[?1002l[?2004l[>4;m[?2004h[>4;2m[?1006;1000h[?1002h[?1006;1000l[?1002l[?2004l[>4;m[?2004h[>4;2m[?1006;1000h[?1002h[?1006;1000l[?1002l[?2004l[>4;m[?2004h[>4;2m[?1006;1000h[?1002h[?1006;1000l[?1002l[?2004l[>4;m[?2004h[>4;2m[?1006;1000h[?1002h[?1006;1000l[?1002l[?2004l[>4;m[?2004h[>4;2m[?1006;1000h[?1002h[?1006;1000l[?1002l[?2004l[>4;m[?2004h[>4;2m[?1006;1000h[?1002h[?1006;1000l[?1002l[?2004l[>4;m[?2004h[>4;2m[?1006;1000h[?1002h[?1006;1000l[?1002l[?2004l[>4;m[?2004h[>4;2m[?1006;1000h[?1002h[?1006;1000l[?1002l[?2004l[>4;m[?2004h[>4;2m[?1006;1000h[?1002h[?1006;1000l[?1002l[?2004l[>4;m[?2004h[>4;2m[?1006;1000h[?1002h[?1006;1000l[?1002l[?2004l[>4;m[?2004h[>4;2m[?1006;1000h[?1002h[?1006;1000l[?1002l[?2004l[>4;m[?2004h[>4;2m[?1006;1000h[?1002h[?1006;1000l[?1002l[?2004l[>4;m[?2004h[>4;2m[?1006;1000h[?1002h[?1006;1000l[?1002l[?2004l[>4;m[?2004h[>4;2m[?1006;1000h[?1002h[?1006;1000l[?1002l[?2004l[>4;m[?2004h[>4;2m[?1006;1000h[?1002h[?1006;1000l[?1002l[?2004l[>4;m[?2004h[>4;2m[?1006;1000h[?1002h[?1006;1000l[?1002l[?2004l[>4;m[?2004h[>4;2m[?1006;1000h[?1002h[?1006;1000l[?1002l[?2004l[>4;m[?2004h[>4;2m[?1006;1000h[?1002h[?1006;1000l[?1002l[?2004l[>4;m[?2004h[>4;2m[?1006;1000h[?1002h[?1006;1000l[?1002l[?2004l[>4;m[?2004h[>4;2m[?1006;1000h[?1002h[?1006;1000l[?1002l[?2004l[>4;m[?2004h[>4;2m[?1006;1000h[?1002h[?1006;1000l[?1002l[?2004l[>4;m[?2004h[>4;2m[?1006;1000h[?1002h[?1006;1000l[?1002l[?2004l[>4;m[?2004h[>4;2m[?1006;1000h[?1002h[?1006;1000l[?1002l[?2004l[>4;m[?2004h[>4;2m[?1006;1000h[?1002h[24;1H[?1006;1000l[?1002l[?2004l[>4;m[?1004l[?2004l[?1l>[?1049l[23;0;0t[>4;mVim : Erreur lors de la lecture de l'entrée, sortie...
Vim: Finished.
[24;1H[23;2t[23;1t

Could not open StockPCTView.jsx in the editor.
The editor process exited with an error: (code 1).

19:41:55 [vite] (client) hmr update /src/index.css
Login user: feriel
Allowed dashboards: [ 'dashboard2' ]
Fetching /me for feriel. Samples: [
  {
    name: 'CELEBREX 200 MG CAP X 10 TUN',
    batchNumber: 'INIT-2029',
    count: 10,
    itemType: 'sample',
    _id: new ObjectId('69cbef7bf0340762945adb4a'),
    lastUpdated: 2026-03-31T15:59:55.770Z
  },
  {
    name: 'TAHOR 10 MG X 91 TUN',
    batchNumber: 'INIT-2029',
    count: 10,
    itemType: 'sample',
    _id: new ObjectId('69cbef9cf0340762945adb67'),
    lastUpdated: 2026-03-31T16:00:28.457Z
  }
]
Fetching /me for feriel. Samples: [
  {
    name: 'CELEBREX 200 MG CAP X 10 TUN',
    batchNumber: 'INIT-2029',
    count: 10,
    itemType: 'sample',
    _id: new ObjectId('69cbef7bf0340762945adb4a'),
    lastUpdated: 2026-03-31T15:59:55.770Z
  },
  {
    name: 'TAHOR 10 MG X 91 TUN',
    batchNumber: 'INIT-2029',
    count: 10,
    itemType: 'sample',
    _id: new ObjectId('69cbef9cf0340762945adb67'),
    lastUpdated: 2026-03-31T16:00:28.457Z
  }
]
Fetching /me for feriel. Samples: [
  {
    name: 'CELEBREX 200 MG CAP X 10 TUN',
    batchNumber: 'INIT-2029',
    count: 10,
    itemType: 'sample',
    _id: new ObjectId('69cbef7bf0340762945adb4a'),
    lastUpdated: 2026-03-31T15:59:55.770Z
  },
  {
    name: 'TAHOR 10 MG X 91 TUN',
    batchNumber: 'INIT-2029',
    count: 10,
    itemType: 'sample',
    _id: new ObjectId('69cbef9cf0340762945adb67'),
    lastUpdated: 2026-03-31T16:00:28.457Z
  }
]
Fetching /me for feriel. Samples: [
  {
    name: 'CELEBREX 200 MG CAP X 10 TUN',
    batchNumber: 'INIT-2029',
    count: 10,
    itemType: 'sample',
    _id: new ObjectId('69cbef7bf0340762945adb4a'),
    lastUpdated: 2026-03-31T15:59:55.770Z
  },
  {
    name: 'TAHOR 10 MG X 91 TUN',
    batchNumber: 'INIT-2029',
    count: 10,
    itemType: 'sample',
    _id: new ObjectId('69cbef9cf0340762945adb67'),
    lastUpdated: 2026-03-31T16:00:28.457Z
  }
]
[StockPCT] Chambi: 16 rows, Imported: 37 rows
[StockPCT] Chambi: 16 rows, Imported: 37 rows
Fetching /me for feriel. Samples: [
  {
    name: 'CELEBREX 200 MG CAP X 10 TUN',
    batchNumber: 'INIT-2029',
    count: 10,
    itemType: 'sample',
    _id: new ObjectId('69cbef7bf0340762945adb4a'),
    lastUpdated: 2026-03-31T15:59:55.770Z
  },
  {
    name: 'TAHOR 10 MG X 91 TUN',
    batchNumber: 'INIT-2029',
    count: 10,
    itemType: 'sample',
    _id: new ObjectId('69cbef9cf0340762945adb67'),
    lastUpdated: 2026-03-31T16:00:28.457Z
  }
]
Fetching /me for feriel. Samples: [
  {
    name: 'CELEBREX 200 MG CAP X 10 TUN',
    batchNumber: 'INIT-2029',
    count: 10,
    itemType: 'sample',
    _id: new ObjectId('69cbef7bf0340762945adb4a'),
    lastUpdated: 2026-03-31T15:59:55.770Z
  },
  {
    name: 'TAHOR 10 MG X 91 TUN',
    batchNumber: 'INIT-2029',
    count: 10,
    itemType: 'sample',
    _id: new ObjectId('69cbef9cf0340762945adb67'),
    lastUpdated: 2026-03-31T16:00:28.457Z
  }
]
Fetching /me for feriel. Samples: [
  {
    name: 'CELEBREX 200 MG CAP X 10 TUN',
    batchNumber: 'INIT-2029',
    count: 10,
    itemType: 'sample',
    _id: new ObjectId('69cbef7bf0340762945adb4a'),
    lastUpdated: 2026-03-31T15:59:55.770Z
  },
  {
    name: 'TAHOR 10 MG X 91 TUN',
    batchNumber: 'INIT-2029',
    count: 10,
    itemType: 'sample',
    _id: new ObjectId('69cbef9cf0340762945adb67'),
    lastUpdated: 2026-03-31T16:00:28.457Z
  }
]
Fetching /me for feriel. Samples: [
  {
    name: 'CELEBREX 200 MG CAP X 10 TUN',
    batchNumber: 'INIT-2029',
    count: 10,
    itemType: 'sample',
    _id: new ObjectId('69cbef7bf0340762945adb4a'),
    lastUpdated: 2026-03-31T15:59:55.770Z
  },
  {
    name: 'TAHOR 10 MG X 91 TUN',
    batchNumber: 'INIT-2029',
    count: 10,
    itemType: 'sample',
    _id: new ObjectId('69cbef9cf0340762945adb67'),
    lastUpdated: 2026-03-31T16:00:28.457Z
  }
]
[StockPCT] Chambi: 16 rows, Imported: 37 rows
[StockPCT] Chambi: 16 rows, Imported: 37 rows
Fetching /me for feriel. Samples: [
  {
    name: 'CELEBREX 200 MG CAP X 10 TUN',
    batchNumber: 'INIT-2029',
    count: 10,
    itemType: 'sample',
    _id: new ObjectId('69cbef7bf0340762945adb4a'),
    lastUpdated: 2026-03-31T15:59:55.770Z
  },
  {
    name: 'TAHOR 10 MG X 91 TUN',
    batchNumber: 'INIT-2029',
    count: 10,
    itemType: 'sample',
    _id: new ObjectId('69cbef9cf0340762945adb67'),
    lastUpdated: 2026-03-31T16:00:28.457Z
  }
]
Fetching /me for feriel. Samples: [
  {
    name: 'CELEBREX 200 MG CAP X 10 TUN',
    batchNumber: 'INIT-2029',
    count: 10,
    itemType: 'sample',
    _id: new ObjectId('69cbef7bf0340762945adb4a'),
    lastUpdated: 2026-03-31T15:59:55.770Z
  },
  {
    name: 'TAHOR 10 MG X 91 TUN',
    batchNumber: 'INIT-2029',
    count: 10,
    itemType: 'sample',
    _id: new ObjectId('69cbef9cf0340762945adb67'),
    lastUpdated: 2026-03-31T16:00:28.457Z
  }
]
[StockPCT] Chambi: 16 rows, Imported: 37 rows
[StockPCT] Chambi: 16 rows, Imported: 37 rows
[StockPCT] Chambi: 16 rows, Imported: 37 rows
[StockPCT] Chambi: 16 rows, Imported: 37 rows
Fetching /me for feriel. Samples: [
  {
    name: 'CELEBREX 200 MG CAP X 10 TUN',
    batchNumber: 'INIT-2029',
    count: 10,
    itemType: 'sample',
    _id: new ObjectId('69cbef7bf0340762945adb4a'),
    lastUpdated: 2026-03-31T15:59:55.770Z
  },
  {
    name: 'TAHOR 10 MG X 91 TUN',
    batchNumber: 'INIT-2029',
    count: 10,
    itemType: 'sample',
    _id: new ObjectId('69cbef9cf0340762945adb67'),
    lastUpdated: 2026-03-31T16:00:28.457Z
  }
]
Fetching /me for feriel. Samples: [
  {
    name: 'CELEBREX 200 MG CAP X 10 TUN',
    batchNumber: 'INIT-2029',
    count: 10,
    itemType: 'sample',
    _id: new ObjectId('69cbef7bf0340762945adb4a'),
    lastUpdated: 2026-03-31T15:59:55.770Z
  },
  {
    name: 'TAHOR 10 MG X 91 TUN',
    batchNumber: 'INIT-2029',
    count: 10,
    itemType: 'sample',
    _id: new ObjectId('69cbef9cf0340762945adb67'),
    lastUpdated: 2026-03-31T16:00:28.457Z
  }
]
[StockPCT] Chambi: 16 rows, Imported: 37 rows
[StockPCT] Chambi: 16 rows, Imported: 37 rows
19:53:00 [vite] (client) hmr update /src/components/StockPCTView.jsx, /src/index.css
[StockPCT] Chambi: 16 rows, Imported: 37 rows
Fetching /me for feriel. Samples: [
  {
    name: 'CELEBREX 200 MG CAP X 10 TUN',
    batchNumber: 'INIT-2029',
    count: 10,
    itemType: 'sample',
    _id: new ObjectId('69cbef7bf0340762945adb4a'),
    lastUpdated: 2026-03-31T15:59:55.770Z
  },
  {
    name: 'TAHOR 10 MG X 91 TUN',
    batchNumber: 'INIT-2029',
    count: 10,
    itemType: 'sample',
    _id: new ObjectId('69cbef9cf0340762945adb67'),
    lastUpdated: 2026-03-31T16:00:28.457Z
  }
]
Fetching /me for feriel. Samples: [
  {
    name: 'CELEBREX 200 MG CAP X 10 TUN',
    batchNumber: 'INIT-2029',
    count: 10,
    itemType: 'sample',
    _id: new ObjectId('69cbef7bf0340762945adb4a'),
    lastUpdated: 2026-03-31T15:59:55.770Z
  },
  {
    name: 'TAHOR 10 MG X 91 TUN',
    batchNumber: 'INIT-2029',
    count: 10,
    itemType: 'sample',
    _id: new ObjectId('69cbef9cf0340762945adb67'),
    lastUpdated: 2026-03-31T16:00:28.457Z
  }
]
[StockPCT] Chambi: 16 rows, Imported: 37 rows
[StockPCT] Chambi: 16 rows, Imported: 37 rows
19:56:05 [vite] (client) hmr update /src/components/StockPCTView.jsx, /src/index.css
[StockPCT] Chambi: 16 rows, Imported: 37 rows
Fetching /me for feriel. Samples: [
  {
    name: 'CELEBREX 200 MG CAP X 10 TUN',
    batchNumber: 'INIT-2029',
    count: 10,
    itemType: 'sample',
    _id: new ObjectId('69cbef7bf0340762945adb4a'),
    lastUpdated: 2026-03-31T15:59:55.770Z
  },
  {
    name: 'TAHOR 10 MG X 91 TUN',
    batchNumber: 'INIT-2029',
    count: 10,
    itemType: 'sample',
    _id: new ObjectId('69cbef9cf0340762945adb67'),
    lastUpdated: 2026-03-31T16:00:28.457Z
  }
]
Fetching /me for feriel. Samples: [
  {
    name: 'CELEBREX 200 MG CAP X 10 TUN',
    batchNumber: 'INIT-2029',
    count: 10,
    itemType: 'sample',
    _id: new ObjectId('69cbef7bf0340762945adb4a'),
    lastUpdated: 2026-03-31T15:59:55.770Z
  },
  {
    name: 'TAHOR 10 MG X 91 TUN',
    batchNumber: 'INIT-2029',
    count: 10,
    itemType: 'sample',
    _id: new ObjectId('69cbef9cf0340762945adb67'),
    lastUpdated: 2026-03-31T16:00:28.457Z
  }
]
[StockPCT] Chambi: 16 rows, Imported: 37 rows
[StockPCT] Chambi: 16 rows, Imported: 37 rows
Fetching /me for feriel. Samples: [
  {
    name: 'CELEBREX 200 MG CAP X 10 TUN',
    batchNumber: 'INIT-2029',
    count: 10,
    itemType: 'sample',
    _id: new ObjectId('69cbef7bf0340762945adb4a'),
    lastUpdated: 2026-03-31T15:59:55.770Z
  },
  {
    name: 'TAHOR 10 MG X 91 TUN',
    batchNumber: 'INIT-2029',
    count: 10,
    itemType: 'sample',
    _id: new ObjectId('69cbef9cf0340762945adb67'),
    lastUpdated: 2026-03-31T16:00:28.457Z
  }
]
Fetching /me for feriel. Samples: [
  {
    name: 'CELEBREX 200 MG CAP X 10 TUN',
    batchNumber: 'INIT-2029',
    count: 10,
    itemType: 'sample',
    _id: new ObjectId('69cbef7bf0340762945adb4a'),
    lastUpdated: 2026-03-31T15:59:55.770Z
  },
  {
    name: 'TAHOR 10 MG X 91 TUN',
    batchNumber: 'INIT-2029',
    count: 10,
    itemType: 'sample',
    _id: new ObjectId('69cbef9cf0340762945adb67'),
    lastUpdated: 2026-03-31T16:00:28.457Z
  }
]
[StockPCT] Chambi: 16 rows, Imported: 37 rows
[StockPCT] Chambi: 16 rows, Imported: 37 rows
